// Jest Snapshot v1, https://goo.gl/fbAQLP

exports[`App component renders App 1`] = `
<DocumentFragment>
  <div
    class="app"
  >
    <button>
      Previous Page
    </button>
    <button>
      Next Page
    </button>
    <span>
      <img
        src="http://cdn.lowgif.com/full/ff8280aafe27319d-ajax-loading-gif-transparent-background-2-gif-images.gif"
      />
    </span>
  </div>
</DocumentFragment>
`;
